[2025-11-03 04:45:25] --------------------------------------------
[2025-11-03 04:45:25] 🚀 Starting backup process...
[2025-11-03 04:45:25] 📦 Creating backup of '/home/patilshiva5054/Desktop/testfolder'...
[2025-11-03 04:45:25] ✅ Backup created successfully: ./backups/backup-2025-11-03-0445.tar.gz
[2025-11-03 04:45:25] 🔒 Checksum saved: ./backups/backup-2025-11-03-0445.tar.gz.md5
[2025-11-03 04:45:25] ✅ Checksum verification passed!
[2025-11-03 04:45:25] 🧹 Cleaning backups older than 7 days...
[2025-11-03 04:45:25] 🧾 Backup completed successfully!
[2025-11-03 04:45:25] --------------------------------------------
[2025-11-03 04:55:29] --------------------------------------------
[2025-11-03 04:55:29] 🚀 Starting backup process...
[2025-11-03 04:55:29] 📦 Creating backup of '/home/patilshiva5054/Desktop/testfolder'...
[2025-11-03 04:55:29] ✅ Backup created successfully: ./backups/backup-2025-11-03-0455.tar.gz
[2025-11-03 04:55:29] 🔒 Checksum saved: ./backups/backup-2025-11-03-0455.tar.gz.md5
[2025-11-03 04:55:29] ✅ Checksum verification passed!
[2025-11-03 04:55:29] 🧹 Cleaning backups older than 7 days...
[2025-11-03 04:55:29] 🧾 Backup completed successfully!
[2025-11-03 04:55:29] --------------------------------------------
[2025-11-03 05:01:06] --------------------------------------------
[2025-11-03 05:01:06] --------------------------------------------
[2025-11-03 05:01:06] 🚀 Starting backup process...
[2025-11-03 05:01:06] 🚀 Starting backup process...
[2025-11-03 05:01:06] 📦 Creating backup of '/home/patilshiva5054/Desktop/testfolder'...
[2025-11-03 05:01:06] 📦 Creating backup of '/home/patilshiva5054/Desktop/testfolder'...
[2025-11-03 05:01:06] ✅ Backup created successfully: ./backups/backup-2025-11-03-0501.tar.gz
[2025-11-03 05:01:06] ✅ Backup created successfully: ./backups/backup-2025-11-03-0501.tar.gz
[2025-11-03 05:01:06] 🔒 Checksum saved: ./backups/backup-2025-11-03-0501.tar.gz.md5
[2025-11-03 05:01:06] 🔒 Checksum saved: ./backups/backup-2025-11-03-0501.tar.gz.md5
[2025-11-03 05:01:06] ✅ Checksum verification passed!
[2025-11-03 05:01:06] ✅ Checksum verification passed!
[2025-11-03 05:01:06] 🧹 Cleaning backups older than 7 days...
[2025-11-03 05:01:06] 🧹 Cleaning backups older than 7 days...
[2025-11-03 05:01:06] 🧾 Backup completed successfully!
[2025-11-03 05:01:06] 🧾 Backup completed successfully!
[2025-11-03 05:01:06] --------------------------------------------
[2025-11-03 05:01:06] --------------------------------------------
md5sum: '': No such file or directory
🔒 Checksum saved to .md5
🔒 Checksum saved to .md5
✅ Checksum verification passed!
find: ‘’: No such file or directory
🧹 Deleted backups older than 7 days.
